{"total_concepts":5,"domains":[{"domain":"golang","concepts":4,"mounted":1,"pending_mount":1,"orphan":2},{"domain":"japanese","concepts":1,"mounted":0,"pending_mount":0,"orphan":1}],"pending_mount":["Concepts/golang/Map.md"],"orphans":["Concepts/golang/Bad.md","Concepts/golang/Orphan.md","Concepts/japanese/Kana.md"],"unrouted":[]}
